warning: Git tree '/home/connor/paperclip-ark-local-test/paperclip-system/paperclip-wallet' is dirty
warning: ignoring untrusted flake configuration setting 'extra-substituters'.
Pass '--accept-flake-config' to trust it
warning: ignoring untrusted flake configuration setting 'extra-trusted-public-keys'.
Pass '--accept-flake-config' to trust it
cargo check --locked --workspace --tests --examples
    Checking bitcoin v0.32.9 (/home/connor/paperclip-covenant-services/vendor/bitcoin)
   Compiling bark-cln-rpc v0.7.1+cln.26.06.7-hold (/home/connor/paperclip-covenant-services/cln-rpc)
   Compiling bark-server-rpc v0.7.1 (/home/connor/paperclip-covenant-services/server-rpc)
   Compiling bark-server v0.7.1 (/home/connor/paperclip-covenant-services/server)
    Checking bark-common v0.7.1 (/home/connor/paperclip-covenant-services/bark-common)
    Checking bdk_core v0.6.3
    Checking miniscript v12.3.6
    Checking bitcoincore-rpc-json v0.19.0 (/home/connor/paperclip-covenant-services/vendor/bitcoincore-rpc-json)
    Checking bdk_chain v0.23.3
    Checking corepc-types v0.13.0 (/home/connor/paperclip-covenant-services/vendor/corepc-types)
    Checking bitcoincore-rpc v0.19.0
    Checking bdk_bitcoind_rpc v0.22.0
    Checking bdk_wallet v3.1.0
    Checking lightning-types v0.3.1 (/home/connor/paperclip-covenant-services/vendor/lightning-types)
warning: unexpected `cfg` condition name: `fuzzing`
  --> vendor/lightning-types/src/lib.rs:17:17
   |
17 | #![cfg_attr(not(fuzzing), deny(missing_docs))]
   |                 ^^^^^^^
   |
   = help: expected names are: `docsrs`, `feature`, and `test` and 31 more
   = help: consider using a Cargo feature instead
   = help: or consider adding in `Cargo.toml` the `check-cfg` lint config for the lint:
            [lints.rust]
            unexpected_cfgs = { level = "warn", check-cfg = ['cfg(fuzzing)'] }
   = help: or consider adding `println!("cargo::rustc-check-cfg=cfg(fuzzing)");` to the top of the `build.rs`
   = note: see <https://doc.rust-lang.org/nightly/rustc/check-cfg/cargo-specifics.html> for more information about checking conditional configuration
   = note: `#[warn(unexpected_cfgs)]` on by default

warning: unexpected `cfg` condition name: `fuzzing`
   --> vendor/lightning-types/src/features.rs:813:7
    |
813 | #[cfg(fuzzing)]
    |       ^^^^^^^
    |
    = help: consider using a Cargo feature instead
    = help: or consider adding in `Cargo.toml` the `check-cfg` lint config for the lint:
             [lints.rust]
             unexpected_cfgs = { level = "warn", check-cfg = ['cfg(fuzzing)'] }
    = help: or consider adding `println!("cargo::rustc-check-cfg=cfg(fuzzing)");` to the top of the `build.rs`
    = note: see <https://doc.rust-lang.org/nightly/rustc/check-cfg/cargo-specifics.html> for more information about checking conditional configuration

warning: unexpected `cfg` condition name: `fuzzing`
   --> vendor/lightning-types/src/features.rs:820:11
    |
820 | #[cfg(not(fuzzing))]
    |           ^^^^^^^
    |
    = help: consider using a Cargo feature instead
    = help: or consider adding in `Cargo.toml` the `check-cfg` lint config for the lint:
             [lints.rust]
             unexpected_cfgs = { level = "warn", check-cfg = ['cfg(fuzzing)'] }
    = help: or consider adding `println!("cargo::rustc-check-cfg=cfg(fuzzing)");` to the top of the `build.rs`
    = note: see <https://doc.rust-lang.org/nightly/rustc/check-cfg/cargo-specifics.html> for more information about checking conditional configuration

warning: `lightning-types` (lib) generated 3 warnings
    Checking lightning-invoice v0.34.0
    Checking lightning v0.2.2
    Checking bitcoind-async-client v0.15.0
    Checking bark-bitcoin-ext v0.7.1 (/home/connor/paperclip-covenant-services/bitcoin-ext)
    Checking ark-lib v0.7.1 (/home/connor/paperclip-covenant-services/lib)
warning: unused import: `bitcoin_ext::unified::UnifiedSighash`
 --> lib/src/vtxo/policy/clause.rs:2:5
  |
2 | use bitcoin_ext::unified::UnifiedSighash;
  |     ^^^^^^^^^^^^^^^^^^^^^^^^^^^^^^^^^^^^
  |
  = note: `#[warn(unused_imports)]` on by default

warning: unused import: `bitcoin_ext::unified::UnifiedSighash`
  --> lib/src/vtxo/policy/mod.rs:29:5
   |
29 | use bitcoin_ext::unified::UnifiedSighash;
   |     ^^^^^^^^^^^^^^^^^^^^^^^^^^^^^^^^^^^^

warning: unused variable: `output`
   --> lib/src/arkoor/mod.rs:434:7
    |
434 |         let output = &self.outputs[output_idx];
    |             ^^^^^^ help: if this is intentional, prefix it with an underscore: `_output`
    |
    = note: `#[warn(unused_variables)]` on by default

warning: `ark-lib` (lib) generated 3 warnings (run `cargo fix --lib -p ark-lib` to apply 1 suggestion)
warning: `ark-lib` (lib test) generated 1 warning (1 duplicate)
    Checking bark-server-log v0.7.1 (/home/connor/paperclip-covenant-services/server-log)
    Finished `dev` profile [unoptimized + debuginfo] target(s) in 32.88s
cargo test --locked -p bark-bitcoin-ext --no-default-features --features experimental-covenants --lib covenant
   Compiling bitcoin v0.32.9 (/home/connor/paperclip-covenant-services/vendor/bitcoin)
   Compiling miniscript v12.3.6
   Compiling bdk_core v0.6.3
   Compiling bdk_chain v0.23.3
   Compiling bdk_wallet v3.1.0
   Compiling bark-bitcoin-ext v0.7.1 (/home/connor/paperclip-covenant-services/bitcoin-ext)
    Finished `test` profile [unoptimized + debuginfo] target(s) in 34.19s
     Running unittests src/lib.rs (/home/connor/paperclip-covenant-lab/target/debug/deps/bitcoin_ext-1712115dcfad770b)

running 3 tests
test covenant::tests::covenant_template_rebinds_outpoints_but_not_outputs_or_input_index ... ok
test covenant::tests::covenant_rejects_same_key_expiry_and_excessive_fees ... ok
test covenant::tests::covenant_permit_rejects_changed_recipient_amount_time_network ... ok

test result: ok. 3 passed; 0 failed; 0 ignored; 0 measured; 20 filtered out; finished in 0.00s

CHECKS_EXIT=0
